Measuring footprint for: /proiektuak/ikergaitu-data/azabala106/model_evaluation/trained_models/Latxa3.1_8b_lr1e-5
Wed Dec 17 12:02:14 2025       
+-----------------------------------------------------------------------------------------+
| NVIDIA-SMI 580.105.08             Driver Version: 580.105.08     CUDA Version: 13.0     |
+-----------------------------------------+------------------------+----------------------+
| GPU  Name                 Persistence-M | Bus-Id          Disp.A | Volatile Uncorr. ECC |
| Fan  Temp   Perf          Pwr:Usage/Cap |           Memory-Usage | GPU-Util  Compute M. |
|                                         |                        |               MIG M. |
|=========================================+========================+======================|
|   0  NVIDIA A100-SXM4-80GB          Off |   00000000:07:00.0 Off |                    0 |
| N/A   27C    P0             61W /  400W |       0MiB /  81920MiB |      0%      Default |
|                                         |                        |             Disabled |
+-----------------------------------------+------------------------+----------------------+
|   1  NVIDIA A100-SXM4-80GB          Off |   00000000:0A:00.0 Off |                    0 |
| N/A   25C    P0             59W /  400W |       0MiB /  81920MiB |      0%      Default |
|                                         |                        |             Disabled |
+-----------------------------------------+------------------------+----------------------+
|   2  NVIDIA A100-SXM4-80GB          Off |   00000000:44:00.0 Off |                    0 |
| N/A   29C    P0             82W /  400W |   76151MiB /  81920MiB |     22%      Default |
|                                         |                        |             Disabled |
+-----------------------------------------+------------------------+----------------------+
|   3  NVIDIA A100-SXM4-80GB          Off |   00000000:4A:00.0 Off |                    0 |
| N/A   34C    P0             68W /  400W |   33385MiB /  81920MiB |     31%      Default |
|                                         |                        |             Disabled |
+-----------------------------------------+------------------------+----------------------+
|   4  NVIDIA A100-SXM4-80GB          Off |   00000000:84:00.0 Off |                    0 |
| N/A   63C    P0            376W /  400W |   30723MiB /  81920MiB |    100%      Default |
|                                         |                        |             Disabled |
+-----------------------------------------+------------------------+----------------------+
|   5  NVIDIA A100-SXM4-80GB          Off |   00000000:8A:00.0 Off |                    0 |
| N/A   31C    P0            113W /  400W |   33385MiB /  81920MiB |     31%      Default |
|                                         |                        |             Disabled |
+-----------------------------------------+------------------------+----------------------+
|   6  NVIDIA A100-SXM4-80GB          Off |   00000000:C0:00.0 Off |                    0 |
| N/A   28C    P0             67W /  400W |   71939MiB /  81920MiB |     17%      Default |
|                                         |                        |             Disabled |
+-----------------------------------------+------------------------+----------------------+
|   7  NVIDIA A100-SXM4-80GB          Off |   00000000:C3:00.0 Off |                    0 |
| N/A   57C    P0            374W /  400W |   15087MiB /  81920MiB |    100%      Default |
|                                         |                        |             Disabled |
+-----------------------------------------+------------------------+----------------------+

+-----------------------------------------------------------------------------------------+
| Processes:                                                                              |
|  GPU   GI   CI              PID   Type   Process name                        GPU Memory |
|        ID   ID                                                               Usage      |
|=========================================================================================|
|    2   N/A  N/A         1559440      C   python3                               76142MiB |
|    3   N/A  N/A         1559440      C   python3                               33378MiB |
|    4   N/A  N/A         1615498      C   python                                30716MiB |
|    5   N/A  N/A         1559440      C   python3                               33378MiB |
|    6   N/A  N/A         1559440      C   python3                               71930MiB |
|    7   N/A  N/A         1619970      C   python                                14952MiB |
+-----------------------------------------------------------------------------------------+
============================================================
Inference footprint measurement
============================================================
Model: /proiektuak/ikergaitu-data/azabala106/model_evaluation/trained_models/Latxa3.1_8b_lr1e-5
Device: cuda
Prompt: Kaixo, azaldu zer da LoRA euskaraz laburki.
max_new_tokens: 128
============================================================

=== RESULTS ===
[METRICS] inference_time_sec=3.319
[METRICS] emissions_kg=0.000067
[METRICS] emissions_g_per_query=0.067

Generated output (truncated):
 Zer da LoRA eta zer egiten du?

LoRA, Low Power Wide Area Network, sare zabalera handiko sareen artean dago. LoRA sareak, gailu txikien bidez, distantzia handietara komunikatzeko aukera ematen du. LoRA sareak, gailu txikien bidez, distantzia handietara komunikatzeko aukera ematen du. LoRA sareak, g
