Measuring footprint for: /gaueko1/users/mmartin/ENVIRONMENT/models/Latxa3.1_8b_lr1e-5_quantized8bit
Wed Dec 17 12:23:34 2025       
+-----------------------------------------------------------------------------------------+
| NVIDIA-SMI 580.105.08             Driver Version: 580.105.08     CUDA Version: 13.0     |
+-----------------------------------------+------------------------+----------------------+
| GPU  Name                 Persistence-M | Bus-Id          Disp.A | Volatile Uncorr. ECC |
| Fan  Temp   Perf          Pwr:Usage/Cap |           Memory-Usage | GPU-Util  Compute M. |
|                                         |                        |               MIG M. |
|=========================================+========================+======================|
|   0  NVIDIA A100-SXM4-80GB          Off |   00000000:07:00.0 Off |                    0 |
| N/A   27C    P0             60W /  400W |       0MiB /  81920MiB |      0%      Default |
|                                         |                        |             Disabled |
+-----------------------------------------+------------------------+----------------------+
|   1  NVIDIA A100-SXM4-80GB          Off |   00000000:0A:00.0 Off |                    0 |
| N/A   25C    P0             59W /  400W |       0MiB /  81920MiB |      0%      Default |
|                                         |                        |             Disabled |
+-----------------------------------------+------------------------+----------------------+
|   2  NVIDIA A100-SXM4-80GB          Off |   00000000:44:00.0 Off |                    0 |
| N/A   30C    P0             75W /  400W |   76151MiB /  81920MiB |     33%      Default |
|                                         |                        |             Disabled |
+-----------------------------------------+------------------------+----------------------+
|   3  NVIDIA A100-SXM4-80GB          Off |   00000000:4A:00.0 Off |                    0 |
| N/A   36C    P0             82W /  400W |   33385MiB /  81920MiB |     30%      Default |
|                                         |                        |             Disabled |
+-----------------------------------------+------------------------+----------------------+
|   4  NVIDIA A100-SXM4-80GB          Off |   00000000:84:00.0 Off |                    0 |
| N/A   65C    P0            401W /  400W |   30723MiB /  81920MiB |     94%      Default |
|                                         |                        |             Disabled |
+-----------------------------------------+------------------------+----------------------+
|   5  NVIDIA A100-SXM4-80GB          Off |   00000000:8A:00.0 Off |                    0 |
| N/A   33C    P0             85W /  400W |   33385MiB /  81920MiB |     41%      Default |
|                                         |                        |             Disabled |
+-----------------------------------------+------------------------+----------------------+
|   6  NVIDIA A100-SXM4-80GB          Off |   00000000:C0:00.0 Off |                    0 |
| N/A   28C    P0             73W /  400W |   71939MiB /  81920MiB |     33%      Default |
|                                         |                        |             Disabled |
+-----------------------------------------+------------------------+----------------------+
|   7  NVIDIA A100-SXM4-80GB          Off |   00000000:C3:00.0 Off |                    0 |
| N/A   57C    P0            377W /  400W |   15087MiB /  81920MiB |     92%      Default |
|                                         |                        |             Disabled |
+-----------------------------------------+------------------------+----------------------+

+-----------------------------------------------------------------------------------------+
| Processes:                                                                              |
|  GPU   GI   CI              PID   Type   Process name                        GPU Memory |
|        ID   ID                                                               Usage      |
|=========================================================================================|
|    2   N/A  N/A         1559440      C   python3                               76142MiB |
|    3   N/A  N/A         1559440      C   python3                               33378MiB |
|    4   N/A  N/A         1615498      C   python                                30716MiB |
|    5   N/A  N/A         1559440      C   python3                               33378MiB |
|    6   N/A  N/A         1559440      C   python3                               71930MiB |
|    7   N/A  N/A         1619970      C   python                                14952MiB |
+-----------------------------------------------------------------------------------------+
============================================================
Inference footprint measurement
============================================================
Model: /gaueko1/users/mmartin/ENVIRONMENT/models/Latxa3.1_8b_lr1e-5_quantized8bit
Device: cuda
Prompt: Kaixo, azaldu zer da LoRA euskaraz laburki.
max_new_tokens: 128
============================================================

=== RESULTS ===
[METRICS] inference_time_sec=17.489
[METRICS] emissions_kg=0.000280
[METRICS] emissions_g_per_query=0.280

Generated output (truncated):
 LoRA, Low Power Wide Area Network, sare zabalera handiko komunikazio protokolo bat da. LoRA sareak, gailu txikien arteko komunikazioa ahalbidetzen du, baina gailu hauek ez dute energia iturri propiorik. LoRA sareak, gailu hauek elikatzen ditu, eta gailu hauek LoRA sareari esker, informazioa bidaltz
